INFO:	test_speed:		VEC- 1789 vals, in 0.031835 seconds
INFO:	test_speed:		RAS- 1789 vals in 0.057790 seconds
INFO:	test_speed:		VEC- 1761 vals, in 0.033573 seconds
INFO:	test_speed:		RAS- 1761 vals in 0.055990 seconds
INFO:	test_speed:		VEC- 0 vals, in 0.028850 seconds
INFO:	test_speed:		RAS- 0 vals in 0.054270 seconds
INFO:	test_speed:		VEC- 0 vals, in 0.027570 seconds
INFO:	test_speed:		RAS- 0 vals in 0.051814 seconds
INFO:	test_speed:		VEC- 0 vals, in 0.028389 seconds
INFO:	test_speed:		RAS- 0 vals in 0.051219 seconds
INFO:	test_speed:		VEC- 0 vals, in 0.024787 seconds
INFO:	test_speed:		RAS- 0 vals in 0.052694 seconds
INFO:	test_speed:		VEC- 0 vals, in 0.028037 seconds
INFO:	test_speed:		RAS- 0 vals in 0.051098 seconds
INFO:	test_speed:		VEC- 0 vals, in 0.024384 seconds
INFO:	test_speed:		RAS- 0 vals in 0.054077 seconds
INFO:	test_speed:		VEC- 0 vals, in 0.027331 seconds
INFO:	test_speed:		RAS- 0 vals in 0.052140 seconds
INFO:	test_speed:		VEC- 1731 vals, in 0.030452 seconds
INFO:	test_speed:		RAS- 1731 vals in 0.054137 seconds
